Archive member included to satisfy reference by file (symbol)

d:/colleage/colleage programs/atmel/setup/7.0/toolchain/avr8/avr8-gnu-toolchain/bin/../lib/gcc/avr/5.4.0/avr5\libgcc.a(_exit.o)
                              D:/Colleage/colleage programs/Atmel/setup/7.0/Packs/atmel/ATmega_DFP/1.2.209/gcc/dev/atmega32/avr5/crtatmega32.o (exit)
d:/colleage/colleage programs/atmel/setup/7.0/toolchain/avr8/avr8-gnu-toolchain/bin/../lib/gcc/avr/5.4.0/avr5\libgcc.a(_clear_bss.o)
                              RTOS_Scheduler/RTOS/RTOS_Program.o (__do_clear_bss)

Discarded input sections

 .data          0x00000000        0x0 D:/Colleage/colleage programs/Atmel/setup/7.0/Packs/atmel/ATmega_DFP/1.2.209/gcc/dev/atmega32/avr5/crtatmega32.o
 .bss           0x00000000        0x0 D:/Colleage/colleage programs/Atmel/setup/7.0/Packs/atmel/ATmega_DFP/1.2.209/gcc/dev/atmega32/avr5/crtatmega32.o
 .text          0x00000000        0x0 APP/main.o
 .data          0x00000000        0x0 APP/main.o
 .bss           0x00000000        0x0 APP/main.o
 .text          0x00000000        0x0 RTOS_Scheduler/GIE/GIE_Prog.o
 .data          0x00000000        0x0 RTOS_Scheduler/GIE/GIE_Prog.o
 .bss           0x00000000        0x0 RTOS_Scheduler/GIE/GIE_Prog.o
 .text.GIE_voidEnableGlobalInterrupt
                0x00000000        0xe RTOS_Scheduler/GIE/GIE_Prog.o
 .text.GIE_voidDissableGlobalInterrupt
                0x00000000        0xe RTOS_Scheduler/GIE/GIE_Prog.o
 .debug_info    0x00000000      0x10b RTOS_Scheduler/GIE/GIE_Prog.o
 .debug_abbrev  0x00000000       0x94 RTOS_Scheduler/GIE/GIE_Prog.o
 .debug_aranges
                0x00000000       0x28 RTOS_Scheduler/GIE/GIE_Prog.o
 .debug_ranges  0x00000000       0x18 RTOS_Scheduler/GIE/GIE_Prog.o
 .debug_line    0x00000000       0xd2 RTOS_Scheduler/GIE/GIE_Prog.o
 .debug_str     0x00000000      0x1dd RTOS_Scheduler/GIE/GIE_Prog.o
 .comment       0x00000000       0x31 RTOS_Scheduler/GIE/GIE_Prog.o
 .debug_frame   0x00000000       0x34 RTOS_Scheduler/GIE/GIE_Prog.o
 .text          0x00000000        0x0 RTOS_Scheduler/RTOS/RTOS_Program.o
 .data          0x00000000        0x0 RTOS_Scheduler/RTOS/RTOS_Program.o
 .bss           0x00000000        0x0 RTOS_Scheduler/RTOS/RTOS_Program.o
 .text.RTOS_voidScheduler
                0x00000000       0x66 RTOS_Scheduler/RTOS/RTOS_Program.o
 .text.RTOS_voidStart
                0x00000000       0x12 RTOS_Scheduler/RTOS/RTOS_Program.o
 .text.RTOS_voidSuspendTask
                0x00000000       0x12 RTOS_Scheduler/RTOS/RTOS_Program.o
 .text.RTOS_voidResumeTask
                0x00000000       0x14 RTOS_Scheduler/RTOS/RTOS_Program.o
 .text.RTOS_voidDeletTask
                0x00000000       0x14 RTOS_Scheduler/RTOS/RTOS_Program.o
 .text          0x00000000        0x0 RTOS_Scheduler/TIMER0/TIMER_Prog.o
 .data          0x00000000        0x0 RTOS_Scheduler/TIMER0/TIMER_Prog.o
 .bss           0x00000000        0x0 RTOS_Scheduler/TIMER0/TIMER_Prog.o
 .text.TIMER_Timer0InitCTC
                0x00000000       0x4e RTOS_Scheduler/TIMER0/TIMER_Prog.o
 .text.TIMER_Timer0CompareValue
                0x00000000        0x4 RTOS_Scheduler/TIMER0/TIMER_Prog.o
 .text.TIMER_voidTimer0CompareMatchCallBack
                0x00000000        0xe RTOS_Scheduler/TIMER0/TIMER_Prog.o
 .text          0x00000000        0x0 d:/colleage/colleage programs/atmel/setup/7.0/toolchain/avr8/avr8-gnu-toolchain/bin/../lib/gcc/avr/5.4.0/avr5\libgcc.a(_exit.o)
 .data          0x00000000        0x0 d:/colleage/colleage programs/atmel/setup/7.0/toolchain/avr8/avr8-gnu-toolchain/bin/../lib/gcc/avr/5.4.0/avr5\libgcc.a(_exit.o)
 .bss           0x00000000        0x0 d:/colleage/colleage programs/atmel/setup/7.0/toolchain/avr8/avr8-gnu-toolchain/bin/../lib/gcc/avr/5.4.0/avr5\libgcc.a(_exit.o)
 .text.libgcc.mul
                0x00000000        0x0 d:/colleage/colleage programs/atmel/setup/7.0/toolchain/avr8/avr8-gnu-toolchain/bin/../lib/gcc/avr/5.4.0/avr5\libgcc.a(_exit.o)
 .text.libgcc.div
                0x00000000        0x0 d:/colleage/colleage programs/atmel/setup/7.0/toolchain/avr8/avr8-gnu-toolchain/bin/../lib/gcc/avr/5.4.0/avr5\libgcc.a(_exit.o)
 .text.libgcc   0x00000000        0x0 d:/colleage/colleage programs/atmel/setup/7.0/toolchain/avr8/avr8-gnu-toolchain/bin/../lib/gcc/avr/5.4.0/avr5\libgcc.a(_exit.o)
 .text.libgcc.prologue
                0x00000000        0x0 d:/colleage/colleage programs/atmel/setup/7.0/toolchain/avr8/avr8-gnu-toolchain/bin/../lib/gcc/avr/5.4.0/avr5\libgcc.a(_exit.o)
 .text.libgcc.builtins
                0x00000000        0x0 d:/colleage/colleage programs/atmel/setup/7.0/toolchain/avr8/avr8-gnu-toolchain/bin/../lib/gcc/avr/5.4.0/avr5\libgcc.a(_exit.o)
 .text.libgcc.fmul
                0x00000000        0x0 d:/colleage/colleage programs/atmel/setup/7.0/toolchain/avr8/avr8-gnu-toolchain/bin/../lib/gcc/avr/5.4.0/avr5\libgcc.a(_exit.o)
 .text.libgcc.fixed
                0x00000000        0x0 d:/colleage/colleage programs/atmel/setup/7.0/toolchain/avr8/avr8-gnu-toolchain/bin/../lib/gcc/avr/5.4.0/avr5\libgcc.a(_exit.o)
 .text          0x00000000        0x0 d:/colleage/colleage programs/atmel/setup/7.0/toolchain/avr8/avr8-gnu-toolchain/bin/../lib/gcc/avr/5.4.0/avr5\libgcc.a(_clear_bss.o)
 .data          0x00000000        0x0 d:/colleage/colleage programs/atmel/setup/7.0/toolchain/avr8/avr8-gnu-toolchain/bin/../lib/gcc/avr/5.4.0/avr5\libgcc.a(_clear_bss.o)
 .bss           0x00000000        0x0 d:/colleage/colleage programs/atmel/setup/7.0/toolchain/avr8/avr8-gnu-toolchain/bin/../lib/gcc/avr/5.4.0/avr5\libgcc.a(_clear_bss.o)
 .text.libgcc.mul
                0x00000000        0x0 d:/colleage/colleage programs/atmel/setup/7.0/toolchain/avr8/avr8-gnu-toolchain/bin/../lib/gcc/avr/5.4.0/avr5\libgcc.a(_clear_bss.o)
 .text.libgcc.div
                0x00000000        0x0 d:/colleage/colleage programs/atmel/setup/7.0/toolchain/avr8/avr8-gnu-toolchain/bin/../lib/gcc/avr/5.4.0/avr5\libgcc.a(_clear_bss.o)
 .text.libgcc   0x00000000        0x0 d:/colleage/colleage programs/atmel/setup/7.0/toolchain/avr8/avr8-gnu-toolchain/bin/../lib/gcc/avr/5.4.0/avr5\libgcc.a(_clear_bss.o)
 .text.libgcc.prologue
                0x00000000        0x0 d:/colleage/colleage programs/atmel/setup/7.0/toolchain/avr8/avr8-gnu-toolchain/bin/../lib/gcc/avr/5.4.0/avr5\libgcc.a(_clear_bss.o)
 .text.libgcc.builtins
                0x00000000        0x0 d:/colleage/colleage programs/atmel/setup/7.0/toolchain/avr8/avr8-gnu-toolchain/bin/../lib/gcc/avr/5.4.0/avr5\libgcc.a(_clear_bss.o)
 .text.libgcc.fmul
                0x00000000        0x0 d:/colleage/colleage programs/atmel/setup/7.0/toolchain/avr8/avr8-gnu-toolchain/bin/../lib/gcc/avr/5.4.0/avr5\libgcc.a(_clear_bss.o)
 .text.libgcc.fixed
                0x00000000        0x0 d:/colleage/colleage programs/atmel/setup/7.0/toolchain/avr8/avr8-gnu-toolchain/bin/../lib/gcc/avr/5.4.0/avr5\libgcc.a(_clear_bss.o)

Memory Configuration

Name             Origin             Length             Attributes
text             0x00000000         0x00020000         xr
data             0x00800060         0x0000ffa0         rw !x
eeprom           0x00810000         0x00010000         rw !x
fuse             0x00820000         0x00000002         rw !x
lock             0x00830000         0x00000400         rw !x
signature        0x00840000         0x00000400         rw !x
user_signatures  0x00850000         0x00000400         rw !x
*default*        0x00000000         0xffffffff

Linker script and memory map

LOAD D:/Colleage/colleage programs/Atmel/setup/7.0/Packs/atmel/ATmega_DFP/1.2.209/gcc/dev/atmega32/avr5/crtatmega32.o
LOAD APP/main.o
LOAD RTOS_Scheduler/GIE/GIE_Prog.o
LOAD RTOS_Scheduler/RTOS/RTOS_Program.o
LOAD RTOS_Scheduler/TIMER0/TIMER_Prog.o
START GROUP
LOAD d:/colleage/colleage programs/atmel/setup/7.0/toolchain/avr8/avr8-gnu-toolchain/bin/../lib/gcc/avr/5.4.0/../../../../avr/lib/avr5\libm.a
END GROUP
START GROUP
LOAD d:/colleage/colleage programs/atmel/setup/7.0/toolchain/avr8/avr8-gnu-toolchain/bin/../lib/gcc/avr/5.4.0/avr5\libgcc.a
LOAD d:/colleage/colleage programs/atmel/setup/7.0/toolchain/avr8/avr8-gnu-toolchain/bin/../lib/gcc/avr/5.4.0/../../../../avr/lib/avr5\libm.a
LOAD d:/colleage/colleage programs/atmel/setup/7.0/toolchain/avr8/avr8-gnu-toolchain/bin/../lib/gcc/avr/5.4.0/../../../../avr/lib/avr5\libc.a
LOAD D:/Colleage/colleage programs/Atmel/setup/7.0/Packs/atmel/ATmega_DFP/1.2.209/gcc/dev/atmega32/avr5\libatmega32.a
END GROUP
                0x00020000                __TEXT_REGION_LENGTH__ = DEFINED (__TEXT_REGION_LENGTH__)?__TEXT_REGION_LENGTH__:0x20000
                0x0000ffa0                __DATA_REGION_LENGTH__ = DEFINED (__DATA_REGION_LENGTH__)?__DATA_REGION_LENGTH__:0xffa0
                0x00010000                __EEPROM_REGION_LENGTH__ = DEFINED (__EEPROM_REGION_LENGTH__)?__EEPROM_REGION_LENGTH__:0x10000
                [0x00000002]                __FUSE_REGION_LENGTH__ = DEFINED (__FUSE_REGION_LENGTH__)?__FUSE_REGION_LENGTH__:0x400
                0x00000400                __LOCK_REGION_LENGTH__ = DEFINED (__LOCK_REGION_LENGTH__)?__LOCK_REGION_LENGTH__:0x400
                0x00000400                __SIGNATURE_REGION_LENGTH__ = DEFINED (__SIGNATURE_REGION_LENGTH__)?__SIGNATURE_REGION_LENGTH__:0x400
                0x00000400                __USER_SIGNATURE_REGION_LENGTH__ = DEFINED (__USER_SIGNATURE_REGION_LENGTH__)?__USER_SIGNATURE_REGION_LENGTH__:0x400

.hash
 *(.hash)

.dynsym
 *(.dynsym)

.dynstr
 *(.dynstr)

.gnu.version
 *(.gnu.version)

.gnu.version_d
 *(.gnu.version_d)

.gnu.version_r
 *(.gnu.version_r)

.rel.init
 *(.rel.init)

.rela.init
 *(.rela.init)

.rel.text
 *(.rel.text)
 *(.rel.text.*)
 *(.rel.gnu.linkonce.t*)

.rela.text
 *(.rela.text)
 *(.rela.text.*)
 *(.rela.gnu.linkonce.t*)

.rel.fini
 *(.rel.fini)

.rela.fini
 *(.rela.fini)

.rel.rodata
 *(.rel.rodata)
 *(.rel.rodata.*)
 *(.rel.gnu.linkonce.r*)

.rela.rodata
 *(.rela.rodata)
 *(.rela.rodata.*)
 *(.rela.gnu.linkonce.r*)

.rel.data
 *(.rel.data)
 *(.rel.data.*)
 *(.rel.gnu.linkonce.d*)

.rela.data
 *(.rela.data)
 *(.rela.data.*)
 *(.rela.gnu.linkonce.d*)

.rel.ctors
 *(.rel.ctors)

.rela.ctors
 *(.rela.ctors)

.rel.dtors
 *(.rel.dtors)

.rela.dtors
 *(.rela.dtors)

.rel.got
 *(.rel.got)

.rela.got
 *(.rela.got)

.rel.bss
 *(.rel.bss)

.rela.bss
 *(.rela.bss)

.rel.plt
 *(.rel.plt)

.rela.plt
 *(.rela.plt)

.text           0x00000000      0x170
 *(.vectors)
 .vectors       0x00000000       0x54 D:/Colleage/colleage programs/Atmel/setup/7.0/Packs/atmel/ATmega_DFP/1.2.209/gcc/dev/atmega32/avr5/crtatmega32.o
                0x00000000                __vector_default
                0x00000000                __vectors
 *(.vectors)
 *(.progmem.gcc*)
                0x00000054                . = ALIGN (0x2)
                0x00000054                __trampolines_start = .
 *(.trampolines)
 .trampolines   0x00000054        0x0 linker stubs
 *(.trampolines*)
                0x00000054                __trampolines_end = .
 *libprintf_flt.a:*(.progmem.data)
 *libc.a:*(.progmem.data)
 *(.progmem*)
                0x00000054                . = ALIGN (0x2)
 *(.jumptables)
 *(.jumptables*)
 *(.lowtext)
 *(.lowtext*)
                0x00000054                __ctors_start = .
 *(.ctors)
                0x00000054                __ctors_end = .
                0x00000054                __dtors_start = .
 *(.dtors)
                0x00000054                __dtors_end = .
 SORT(*)(.ctors)
 SORT(*)(.dtors)
 *(.init0)
 .init0         0x00000054        0x0 D:/Colleage/colleage programs/Atmel/setup/7.0/Packs/atmel/ATmega_DFP/1.2.209/gcc/dev/atmega32/avr5/crtatmega32.o
                0x00000054                __init
 *(.init0)
 *(.init1)
 *(.init1)
 *(.init2)
 .init2         0x00000054        0xc D:/Colleage/colleage programs/Atmel/setup/7.0/Packs/atmel/ATmega_DFP/1.2.209/gcc/dev/atmega32/avr5/crtatmega32.o
 *(.init2)
 *(.init3)
 *(.init3)
 *(.init4)
 .init4         0x00000060       0x10 d:/colleage/colleage programs/atmel/setup/7.0/toolchain/avr8/avr8-gnu-toolchain/bin/../lib/gcc/avr/5.4.0/avr5\libgcc.a(_clear_bss.o)
                0x00000060                __do_clear_bss
 *(.init4)
 *(.init5)
 *(.init5)
 *(.init6)
 *(.init6)
 *(.init7)
 *(.init7)
 *(.init8)
 *(.init8)
 *(.init9)
 .init9         0x00000070        0x8 D:/Colleage/colleage programs/Atmel/setup/7.0/Packs/atmel/ATmega_DFP/1.2.209/gcc/dev/atmega32/avr5/crtatmega32.o
 *(.init9)
 *(.text)
 .text          0x00000078        0x4 D:/Colleage/colleage programs/Atmel/setup/7.0/Packs/atmel/ATmega_DFP/1.2.209/gcc/dev/atmega32/avr5/crtatmega32.o
                0x00000078                __vector_1
                0x00000078                __vector_12
                0x00000078                __bad_interrupt
                0x00000078                __vector_6
                0x00000078                __vector_3
                0x00000078                __vector_11
                0x00000078                __vector_13
                0x00000078                __vector_17
                0x00000078                __vector_19
                0x00000078                __vector_7
                0x00000078                __vector_5
                0x00000078                __vector_4
                0x00000078                __vector_9
                0x00000078                __vector_2
                0x00000078                __vector_15
                0x00000078                __vector_8
                0x00000078                __vector_14
                0x00000078                __vector_16
                0x00000078                __vector_18
                0x00000078                __vector_20
                0x0000007c                . = ALIGN (0x2)
 *(.text.*)
 .text.LED1_TASK
                0x0000007c        0xa APP/main.o
                0x0000007c                LED1_TASK
 .text.LED2_TASK
                0x00000086        0xa APP/main.o
                0x00000086                LED2_TASK
 .text.LED3_TASK
                0x00000090        0xa APP/main.o
                0x00000090                LED3_TASK
 .text.main     0x0000009a       0x3c APP/main.o
                0x0000009a                main
 .text.RTOS_voidCreateTask
                0x000000d6       0x44 RTOS_Scheduler/RTOS/RTOS_Program.o
                0x000000d6                RTOS_voidCreateTask
 .text.__vector_10
                0x0000011a       0x52 RTOS_Scheduler/TIMER0/TIMER_Prog.o
                0x0000011a                __vector_10
                0x0000016c                . = ALIGN (0x2)
 *(.fini9)
 .fini9         0x0000016c        0x0 d:/colleage/colleage programs/atmel/setup/7.0/toolchain/avr8/avr8-gnu-toolchain/bin/../lib/gcc/avr/5.4.0/avr5\libgcc.a(_exit.o)
                0x0000016c                _exit
                0x0000016c                exit
 *(.fini9)
 *(.fini8)
 *(.fini8)
 *(.fini7)
 *(.fini7)
 *(.fini6)
 *(.fini6)
 *(.fini5)
 *(.fini5)
 *(.fini4)
 *(.fini4)
 *(.fini3)
 *(.fini3)
 *(.fini2)
 *(.fini2)
 *(.fini1)
 *(.fini1)
 *(.fini0)
 .fini0         0x0000016c        0x4 d:/colleage/colleage programs/atmel/setup/7.0/toolchain/avr8/avr8-gnu-toolchain/bin/../lib/gcc/avr/5.4.0/avr5\libgcc.a(_exit.o)
 *(.fini0)
                0x00000170                _etext = .

.data           0x00800060        0x0 load address 0x00000170
                [!provide]                PROVIDE (__data_start, .)
 *(.data)
 *(.data*)
 *(.gnu.linkonce.d*)
 *(.rodata)
 *(.rodata*)
 *(.gnu.linkonce.r*)
                0x00800060                . = ALIGN (0x2)
                0x00800060                _edata = .
                [!provide]                PROVIDE (__data_end, .)

.bss            0x00800060       0x25
                0x00800060                PROVIDE (__bss_start, .)
 *(.bss)
 *(.bss*)
 .bss.SystemTasks
                0x00800060       0x23 RTOS_Scheduler/RTOS/RTOS_Program.o
 .bss.TIMER0_CTC_ISR_PTR
                0x00800083        0x2 RTOS_Scheduler/TIMER0/TIMER_Prog.o
                0x00800083                TIMER0_CTC_ISR_PTR
 *(COMMON)
                0x00800085                PROVIDE (__bss_end, .)
                0x00000170                __data_load_start = LOADADDR (.data)
                0x00000170                __data_load_end = (__data_load_start + SIZEOF (.data))

.noinit         0x00800085        0x0
                [!provide]                PROVIDE (__noinit_start, .)
 *(.noinit*)
                [!provide]                PROVIDE (__noinit_end, .)
                0x00800085                _end = .
                [!provide]                PROVIDE (__heap_start, .)

.eeprom         0x00810000        0x0
 *(.eeprom*)
                0x00810000                __eeprom_end = .

.fuse
 *(.fuse)
 *(.lfuse)
 *(.hfuse)
 *(.efuse)

.lock
 *(.lock*)

.signature
 *(.signature*)

.user_signatures
 *(.user_signatures*)

.stab
 *(.stab)

.stabstr
 *(.stabstr)

.stab.excl
 *(.stab.excl)

.stab.exclstr
 *(.stab.exclstr)

.stab.index
 *(.stab.index)

.stab.indexstr
 *(.stab.indexstr)

.comment        0x00000000       0x30
 *(.comment)
 .comment       0x00000000       0x30 APP/main.o
                                 0x31 (size before relaxing)
 .comment       0x00000030       0x31 RTOS_Scheduler/RTOS/RTOS_Program.o
 .comment       0x00000030       0x31 RTOS_Scheduler/TIMER0/TIMER_Prog.o

.note.gnu.avr.deviceinfo
                0x00000000       0x3c
 .note.gnu.avr.deviceinfo
                0x00000000       0x3c D:/Colleage/colleage programs/Atmel/setup/7.0/Packs/atmel/ATmega_DFP/1.2.209/gcc/dev/atmega32/avr5/crtatmega32.o

.note.gnu.build-id
 *(.note.gnu.build-id)

.debug
 *(.debug)

.line
 *(.line)

.debug_srcinfo
 *(.debug_srcinfo)

.debug_sfnames
 *(.debug_sfnames)

.debug_aranges  0x00000000       0xb8
 *(.debug_aranges)
 .debug_aranges
                0x00000000       0x38 APP/main.o
 .debug_aranges
                0x00000038       0x48 RTOS_Scheduler/RTOS/RTOS_Program.o
 .debug_aranges
                0x00000080       0x38 RTOS_Scheduler/TIMER0/TIMER_Prog.o

.debug_pubnames
 *(.debug_pubnames)

.debug_info     0x00000000      0xb10
 *(.debug_info .gnu.linkonce.wi.*)
 .debug_info    0x00000000      0x4e6 D:/Colleage/colleage programs/Atmel/setup/7.0/Packs/atmel/ATmega_DFP/1.2.209/gcc/dev/atmega32/avr5/crtatmega32.o
 .debug_info    0x000004e6      0x1a0 APP/main.o
 .debug_info    0x00000686      0x284 RTOS_Scheduler/RTOS/RTOS_Program.o
 .debug_info    0x0000090a      0x206 RTOS_Scheduler/TIMER0/TIMER_Prog.o

.debug_abbrev   0x00000000      0x778
 *(.debug_abbrev)
 .debug_abbrev  0x00000000      0x4a3 D:/Colleage/colleage programs/Atmel/setup/7.0/Packs/atmel/ATmega_DFP/1.2.209/gcc/dev/atmega32/avr5/crtatmega32.o
 .debug_abbrev  0x000004a3       0xa6 APP/main.o
 .debug_abbrev  0x00000549      0x139 RTOS_Scheduler/RTOS/RTOS_Program.o
 .debug_abbrev  0x00000682       0xf6 RTOS_Scheduler/TIMER0/TIMER_Prog.o

.debug_line     0x00000000      0x57d
 *(.debug_line .debug_line.* .debug_line_end)
 .debug_line    0x00000000      0x115 D:/Colleage/colleage programs/Atmel/setup/7.0/Packs/atmel/ATmega_DFP/1.2.209/gcc/dev/atmega32/avr5/crtatmega32.o
 .debug_line    0x00000115      0x12f APP/main.o
 .debug_line    0x00000244      0x1ce RTOS_Scheduler/RTOS/RTOS_Program.o
 .debug_line    0x00000412      0x16b RTOS_Scheduler/TIMER0/TIMER_Prog.o

.debug_frame    0x00000000      0x184
 *(.debug_frame)
 .debug_frame   0x00000000       0x54 APP/main.o
 .debug_frame   0x00000054       0x94 RTOS_Scheduler/RTOS/RTOS_Program.o
 .debug_frame   0x000000e8       0x9c RTOS_Scheduler/TIMER0/TIMER_Prog.o

.debug_str      0x00000000      0x544
 *(.debug_str)
 .debug_str     0x00000000      0x196 D:/Colleage/colleage programs/Atmel/setup/7.0/Packs/atmel/ATmega_DFP/1.2.209/gcc/dev/atmega32/avr5/crtatmega32.o
 .debug_str     0x00000196      0x1ae APP/main.o
                                0x1e9 (size before relaxing)
 .debug_str     0x00000344      0x16d RTOS_Scheduler/RTOS/RTOS_Program.o
                                0x30b (size before relaxing)
 .debug_str     0x000004b1       0x93 RTOS_Scheduler/TIMER0/TIMER_Prog.o
                                0x270 (size before relaxing)

.debug_loc      0x00000000      0x1e2
 *(.debug_loc)
 .debug_loc     0x00000000      0x117 RTOS_Scheduler/RTOS/RTOS_Program.o
 .debug_loc     0x00000117       0xcb RTOS_Scheduler/TIMER0/TIMER_Prog.o

.debug_macinfo
 *(.debug_macinfo)

.debug_weaknames
 *(.debug_weaknames)

.debug_funcnames
 *(.debug_funcnames)

.debug_typenames
 *(.debug_typenames)

.debug_varnames
 *(.debug_varnames)

.debug_pubtypes
 *(.debug_pubtypes)

.debug_ranges   0x00000000       0x88
 *(.debug_ranges)
 .debug_ranges  0x00000000       0x28 APP/main.o
 .debug_ranges  0x00000028       0x38 RTOS_Scheduler/RTOS/RTOS_Program.o
 .debug_ranges  0x00000060       0x28 RTOS_Scheduler/TIMER0/TIMER_Prog.o

.debug_macro
 *(.debug_macro)
OUTPUT(RTOS_Scheduler.elf elf32-avr)
LOAD linker stubs
